// Jest Snapshot v1, https://goo.gl/fbAQLP

exports[`App Component should match the snapshot 1`] = `
<main
  className="App"
>
  <Switch>
    <Route
      component={[Function]}
      exact={true}
      path="/"
    />
    <Route
      component={[Function]}
      exact={true}
      path="/home"
    />
    <Route
      path="/home/:id"
      render={[Function]}
    />
    <Redirect
      to="/home"
    />
  </Switch>
</main>
`;
